// Jest Snapshot v1, https://goo.gl/fbAQLP

exports[`IconButton component snapshot tests 1`] = `
<button
  className="kwm-btn kwm-icon-btn mybutton"
  onClick={[Function]}
>
  <svg
    className="icon-camera-outline"
    style={
      Object {
        "fill": undefined,
      }
    }
    viewBox="0 0 16 12"
    xmlns="http://www.w3.org/2000/svg"
  >
    <path
      d="M15.1,1.45,12,3V1a1,1,0,0,0-1-1H1A1,1,0,0,0,0,1V11a1,1,0,0,0,1,1H11a1,1,0,0,0,1-1V9l3.1,1.55A.57.57,0,0,0,16,10V2A.57.57,0,0,0,15.1,1.45ZM12.9,7.21A2,2,0,0,0,12,7H10.5a.5.5,0,0,0-.5.5V10H2V2h8V4.5a.5.5,0,0,0,.5.5H12a2,2,0,0,0,.9-.21L14,4.24V7.76Z"
    />
  </svg>
</button>
`;
